I'm sorry, but errors were detected in your script. Please correct the
errors listed below, and try again.


File "game/script.rpy", line 72: expected statement.
    nm = card.name
       ^

Ren'Py Version: Ren'Py 6.99.4.467
